nl/rvkit/moneybird/domain/$SaleInvoice$IntrospectionRef.class
nl/rvkit/moneybird/domain/Workflow.class
nl/rvkit/moneybird/$AuthHttpFilter$Definition$Reference.class
nl/rvkit/moneybird/MoneyBirdApiClient.class
nl/rvkit/moneybird/domain/$Workflow$Introspection.class
nl/rvkit/moneybird/$MoneyBirdConfiguration$Definition.class
nl/rvkit/moneybird/domain/$Contact$IntrospectionRef.class
nl/rvkit/moneybird/domain/$Workflow$IntrospectionRef.class
nl/rvkit/moneybird/$MoneyBirdApiClient$Intercepted$Definition$Exec.class
nl/rvkit/moneybird/$MoneyBirdApiClient$Intercepted$Definition.class
nl/rvkit/moneybird/domain/$SaleInvoice$Introspection.class
nl/rvkit/moneybird/domain/Contact.class
nl/rvkit/moneybird/MoneyBirdConfiguration.class
nl/rvkit/moneybird/AuthHttpFilter.class
META-INF/services/io.micronaut.core.beans.BeanIntrospectionReference
nl/rvkit/moneybird/domain/$SaleInvoiceLine$Introspection.class
nl/rvkit/moneybird/domain/$TaxRate$Introspection.class
nl/rvkit/moneybird/$MoneyBirdApiClient$Intercepted$Definition$Reference.class
META-INF/spring-configuration-metadata.json
nl/rvkit/moneybird/$MoneyBirdConfiguration$Definition$Reference.class
nl/rvkit/moneybird/Application.class
nl/rvkit/moneybird/MoneyBirdApiClient$Intercepted.class
nl/rvkit/moneybird/domain/SaleInvoiceLine.class
nl/rvkit/moneybird/$AuthHttpFilter$Definition.class
nl/rvkit/moneybird/MoneyBirdConfiguration$Routes.class
nl/rvkit/moneybird/domain/$TaxRate$IntrospectionRef.class
nl/rvkit/moneybird/domain/$SaleInvoiceLine$IntrospectionRef.class
nl/rvkit/moneybird/domain/SaleInvoice.class
META-INF/services/io.micronaut.inject.BeanDefinitionReference
nl/rvkit/moneybird/domain/$Contact$Introspection.class
nl/rvkit/moneybird/domain/TaxRate.class
